I RKNN: [09:36:07.011] compress = 0, conv_eltwise_activation_fuse = 1, global_fuse = 1, multi-core-model-mode = 7, output_optimize = 1, layout_match = 1, enable_argb_group = 0, op_group_sram_opt = 0, enable_flash_attention = 0, op_group_nbuf_opt = 0, safe_fuse = 0
I RKNN: librknnc version: 2.3.2 (@2025-04-03T08:30:46)
D RKNN: [09:36:07.011] RKNN is invoked
D RKNN: [09:36:07.013] >>>>>> start: rknn::RKNNExtractCustomOpAttrs
D RKNN: [09:36:07.013] <<<<<<<< end: rknn::RKNNExtractCustomOpAttrs
D RKNN: [09:36:07.013] >>>>>> start: rknn::RKNNSetOpTargetPass
D RKNN: [09:36:07.013] <<<<<<<< end: rknn::RKNNSetOpTargetPass
D RKNN: [09:36:07.013] >>>>>> start: rknn::RKNNBindNorm
D RKNN: [09:36:07.013] <<<<<<<< end: rknn::RKNNBindNorm
D RKNN: [09:36:07.013] >>>>>> start: rknn::RKNNEliminateQATDataConvert
D RKNN: [09:36:07.013] <<<<<<<< end: rknn::RKNNEliminateQATDataConvert
D RKNN: [09:36:07.013] >>>>>> start: rknn::RKNNConvStrideFixPass
D RKNN: [09:36:07.013] <<<<<<<< end: rknn::RKNNConvStrideFixPass
D RKNN: [09:36:07.013] >>>>>> start: rknn::RKNNTileGroupConv
D RKNN: [09:36:07.013] <<<<<<<< end: rknn::RKNNTileGroupConv
D RKNN: [09:36:07.013] >>>>>> start: rknn::RKNNAddConvBias
D RKNN: [09:36:07.013] <<<<<<<< end: rknn::RKNNAddConvBias
D RKNN: [09:36:07.013] >>>>>> start: rknn::RKNNTileChannel
D RKNN: [09:36:07.013] <<<<<<<< end: rknn::RKNNTileChannel
D RKNN: [09:36:07.013] >>>>>> start: rknn::RKNNDuplicateWeightPass
D RKNN: [09:36:07.013] <<<<<<<< end: rknn::RKNNDuplicateWeightPass
D RKNN: [09:36:07.013] >>>>>> start: rknn::RKNNInitRNNConst
D RKNN: [09:36:07.013] <<<<<<<< end: rknn::RKNNInitRNNConst
D RKNN: [09:36:07.013] >>>>>> start: rknn::RKNNPerChannelPrep
D RKNN: [09:36:07.013] <<<<<<<< end: rknn::RKNNPerChannelPrep
D RKNN: [09:36:07.013] >>>>>> start: rknn::RKNNBnQuant
D RKNN: [09:36:07.013] <<<<<<<< end: rknn::RKNNBnQuant
D RKNN: [09:36:07.013] >>>>>> start: rknn::RKNNFuseOptimizerPass
D RKNN: [09:36:07.013] <<<<<<<< end: rknn::RKNNFuseOptimizerPass
D RKNN: [09:36:07.013] >>>>>> start: rknn::RKNNTurnAutoPad
D RKNN: [09:36:07.013] <<<<<<<< end: rknn::RKNNTurnAutoPad
D RKNN: [09:36:07.013] >>>>>> start: rknn::RKNNInitCastConst
D RKNN: [09:36:07.013] <<<<<<<< end: rknn::RKNNInitCastConst
D RKNN: [09:36:07.013] >>>>>> start: rknn::RKNNMultiSurfacePass
D RKNN: [09:36:07.013] <<<<<<<< end: rknn::RKNNMultiSurfacePass
D RKNN: [09:36:07.013] >>>>>> start: rknn::RKNNReplaceConstantTensorPass
D RKNN: [09:36:07.013] <<<<<<<< end: rknn::RKNNReplaceConstantTensorPass
D RKNN: [09:36:07.013] >>>>>> start: rknn::RKNNSubgraphManager
D RKNN: [09:36:07.013] <<<<<<<< end: rknn::RKNNSubgraphManager
D RKNN: [09:36:07.013] >>>>>> start: OpEmit
D RKNN: [09:36:07.013] <<<<<<<< end: OpEmit
D RKNN: [09:36:07.013] >>>>>> start: rknn::RKNNAddFirstConv
D RKNN: [09:36:07.013] <<<<<<<< end: rknn::RKNNAddFirstConv
D RKNN: [09:36:07.013] >>>>>> start: rknn::RKNNTilingPass
D RKNN: [09:36:07.013] <<<<<<<< end: rknn::RKNNTilingPass
D RKNN: [09:36:07.013] >>>>>> start: rknn::RKNNLayoutMatchPass
D RKNN: [09:36:07.013] <<<<<<<< end: rknn::RKNNLayoutMatchPass
D RKNN: [09:36:07.013] >>>>>> start: rknn::RKNNAddSecondaryNode
D RKNN: [09:36:07.013] <<<<<<<< end: rknn::RKNNAddSecondaryNode
D RKNN: [09:36:07.013] >>>>>> start: rknn::RKNNAllocateConvCachePass
D RKNN: [09:36:07.013] <<<<<<<< end: rknn::RKNNAllocateConvCachePass
D RKNN: [09:36:07.013] >>>>>> start: OpEmit
D RKNN: [09:36:07.013] finish initComputeZoneMapByStepsVector
D RKNN: [09:36:07.013] finish initComputeZoneMapByStepsVector
D RKNN: [09:36:07.014] finish initComputeZoneMapByStepsVector
D RKNN: [09:36:07.014] finish initComputeZoneMapByStepsVector
D RKNN: [09:36:07.014] <<<<<<<< end: OpEmit
D RKNN: [09:36:07.014] >>>>>> start: rknn::RKNNSubGraphMemoryPlanPass
D RKNN: [09:36:07.014] <<<<<<<< end: rknn::RKNNSubGraphMemoryPlanPass
D RKNN: [09:36:07.014] >>>>>> start: rknn::RKNNProfileAnalysisPass
D RKNN: [09:36:07.014] <<<<<<<< end: rknn::RKNNProfileAnalysisPass
D RKNN: [09:36:07.014] >>>>>> start: rknn::RKNNOperatorIdGenPass
D RKNN: [09:36:07.014] <<<<<<<< end: rknn::RKNNOperatorIdGenPass
D RKNN: [09:36:07.014] >>>>>> start: rknn::RKNNWeightTransposePass
W RKNN: [09:36:07.014] Warning: Tensor cs_rs_i1 need parameter qtype, type is set to float16 by default!
W RKNN: [09:36:07.014] Warning: Tensor cs_rs_i1 need parameter qtype, type is set to float16 by default!
W RKNN: [09:36:07.014] Warning: Tensor log_a_rs_i1 need parameter qtype, type is set to float16 by default!
W RKNN: [09:36:07.014] Warning: Tensor log_a_rs_i1 need parameter qtype, type is set to float16 by default!
D RKNN: [09:36:07.014] <<<<<<<< end: rknn::RKNNWeightTransposePass
D RKNN: [09:36:07.014] >>>>>> start: rknn::RKNNCPUWeightTransposePass
D RKNN: [09:36:07.014] <<<<<<<< end: rknn::RKNNCPUWeightTransposePass
D RKNN: [09:36:07.014] >>>>>> start: rknn::RKNNModelBuildPass
D RKNN: [09:36:07.015] <<<<<<<< end: rknn::RKNNModelBuildPass
D RKNN: [09:36:07.015] >>>>>> start: rknn::RKNNModelRegCmdbuildPass
D RKNN: [09:36:07.015] --------------------------------------------------------------------------------------------------------------------------------------------------------------------------
D RKNN: [09:36:07.015]                                                         Network Layer Information Table                                                      
D RKNN: [09:36:07.015] --------------------------------------------------------------------------------------------------------------------------------------------------------------------------
D RKNN: [09:36:07.015] ID   OpType             DataType Target InputShape                               OutputShape            Cycles(DDR/NPU/Total)    RW(KB)       FullName        
D RKNN: [09:36:07.015] --------------------------------------------------------------------------------------------------------------------------------------------------------------------------
D RKNN: [09:36:07.015] 0    InputOperator      FLOAT16  CPU    \                                        (1,16,32)              0/0/0                    0            InputOperator:a 
D RKNN: [09:36:07.015] 1    Reshape            FLOAT16  NPU    (1,16,32),(4)                            (16,32,1,1)            0/0/0                    1            Reshape:log_a_rs
D RKNN: [09:36:07.015] 2    Log                FLOAT16  CPU    (16,32,1,1)                              (16,32,1,1)            0/0/0                    1            Log:log         
D RKNN: [09:36:07.015] 3    Conv               FLOAT16  NPU    (16,32,1,1),(32,32,1,1)                  (16,32,1,1)            174/1024/1024            3            Conv:log_a_rs_mm#1
D RKNN: [09:36:07.015] 4    Exp                FLOAT16  CPU    (16,32,1,1)                              (16,32,1,1)            0/0/0                    1            Exp:exp         
D RKNN: [09:36:07.015] 5    Reshape            FLOAT16  NPU    (16,32,1,1),(3)                          (1,16,32)              0/0/0                    1            Reshape:cs_rs   
D RKNN: [09:36:07.015] 6    OutputOperator     FLOAT16  CPU    (1,16,32)                                \                      0/0/0                    1            OutputOperator:decay
D RKNN: [09:36:07.015] --------------------------------------------------------------------------------------------------------------------------------------------------------------------------
D RKNN: [09:36:07.015] <<<<<<<< end: rknn::RKNNModelRegCmdbuildPass
D RKNN: [09:36:07.016] >>>>>> start: rknn::RKNNModelExportPass
D RKNN: [09:36:07.016] Export RKNN model to /tmp/tmpuxw7s2m8/check.rknn
D RKNN: [09:36:07.016] <<<<<<<< end: rknn::RKNNModelExportPass
D RKNN: [09:36:07.016] >>>>>> start: rknn::RKNNMemStatisticsPass
D RKNN: [09:36:07.016] ---------------------------------------------------------------------------------------------------------------------------
D RKNN: [09:36:07.016]                                          Feature Tensor Information Table                             
D RKNN: [09:36:07.016] -----------------------------------------------------------------------------------------+---------------------------------
D RKNN: [09:36:07.016] ID  User           Tensor               DataType  DataFormat   OrigShape    NativeShape  |     [Start       End)       Size
D RKNN: [09:36:07.016] -----------------------------------------------------------------------------------------+---------------------------------
D RKNN: [09:36:07.016] 1   Reshape        a                    FLOAT16   UNDEFINED    (1,16,32)    (1,16,32)    | 0x00000000 0x00000400 0x00000400
D RKNN: [09:36:07.016] 1   Reshape        a_exSecondary        FLOAT16   NC1HWC2      (1,16,32)    (1,8,32,1,8) | 0x00000400 0x00000800 0x00000400
D RKNN: [09:36:07.016] 2   Log            log_a-rs_sw          FLOAT16   UNDEFINED    (16,32,1,1)  (16,32,1,1)  | 0x00000800*0x00000c00 0x00000400
D RKNN: [09:36:07.016] 3   Conv           log_a_rs             FLOAT16   NC1HWC2      (16,32,1,1)  (16,16,1,1,8) | 0x00000000 0x00000400 0x00000400
D RKNN: [09:36:07.016] 4   Exp            log_a_rs_mm          FLOAT16   NC1HWC2      (16,32,1,1)  (16,16,1,1,8) | 0x00000400 0x00000800 0x00000400
D RKNN: [09:36:07.016] 5   Reshape        cs_rs_sw             FLOAT16   UNDEFINED    (16,32,1,1)  (16,32,1,1)  | 0x00000000 0x00000400 0x00000400
D RKNN: [09:36:07.016] 5   Reshape        cs_rs_sw_exSecondary FLOAT16   NC1HWC2      (16,32,1,1)  (16,16,1,1,8) | 0x00000400 0x00000800 0x00000400
D RKNN: [09:36:07.016] 6   OutputOperator decay                FLOAT16   UNDEFINED    (1,16,32)    (1,16,32)    | 0x00000800*0x00000c00 0x00000400
D RKNN: [09:36:07.016] -----------------------------------------------------------------------------------------+---------------------------------
D RKNN: [09:36:07.016] -------------------------------------------------------------------------------------
D RKNN: [09:36:07.016]                             Const Tensor Information Table            
D RKNN: [09:36:07.016] ---------------------------------------------------+---------------------------------
D RKNN: [09:36:07.016] ID  User    Tensor          DataType  OrigShape    |     [Start       End)       Size
D RKNN: [09:36:07.016] ---------------------------------------------------+---------------------------------
D RKNN: [09:36:07.016] 1   Reshape log_a_rs_i1     INT64     (4)          | 0x00000840 0x00000860 0x00000020
D RKNN: [09:36:07.016] 3   Conv    cumsum_seq#1_i1 FLOAT16   (32,32,1,1)  | 0x00000000 0x00000800 0x00000800
D RKNN: [09:36:07.016] 5   Reshape cs_rs_i1        INT64     (3)          | 0x00000800 0x00000818 0x00000018
D RKNN: [09:36:07.016] ---------------------------------------------------+---------------------------------
D RKNN: [09:36:07.016] ----------------------------------------
D RKNN: [09:36:07.016] Total Internal Memory Size: 3KB
D RKNN: [09:36:07.016] Total Weight Memory Size: 4.125KB
D RKNN: [09:36:07.016] ----------------------------------------
D RKNN: [09:36:07.016] <<<<<<<< end: rknn::RKNNMemStatisticsPass

I rknn-toolkit2 version: 2.3.2
CONFIG_RET=0
[1;33mW[0m [1;33mload_onnx: onnx.checker.check_model fail: Your model ir_version 13 is higher than the checker's (10).[0m
[1;33mW[0m [1;33mload_onnx: The config.mean_values is None, zeros will be set for input 0![0m
[1;33mW[0m [1;33mload_onnx: The config.std_values is None, ones will be set for input 0![0m
LOAD_RET=0
D base_optimize ...
D base_optimize done.
D 
D fold_constant ...
[0;93m2026-08-06 09:36:06.944512406 [W:onnxruntime:Default, device_discovery.cc:164 DiscoverDevicesForPlatform] GPU device discovery failed: device_discovery.cc:89 ReadFileContents Failed to open file: "/sys/class/drm/card1/device/vendor"[m
D fold_constant done.
D 
D correct_ops ...
D correct_ops done.
D 
D fuse_ops ...
D fuse_ops results:
D     unsqueeze_to_4d_log: remove node = [], add node = ['a_rs', 'log_a-rs']
D     convert_cumsum_to_einsum: remove node = ['cumsum_seq'], add node = ['cumsum_seq#1']
D     unsqueeze_to_4d_exp: remove node = [], add node = ['cs_rs', 'decay-rs']
D     convert_2in_einsum_to_exmatmul: remove node = ['cumsum_seq#1'], add node = ['log_a_rs', 'log_a_rs_mm', 'log_a_rs_mm_tp', 'log_a_rs_mm_tp_rs']

I Loading :   0%|                                                             | 0/7 [00:00<?, ?it/s]
I Loading : 100%|██████████████████████████████████████████████████| 7/7 [00:00<00:00, 25094.13it/s]
D     fuse_two_reshape: remove node = ['log_a-rs']
D     fuse_transpose_reshape: remove node = ['log_a_rs_mm_tp']
D     swap_log_reshape: remove node = ['log', 'log_a_rs', 'a_rs'], add node = ['log_a_rs', 'log']
D     fuse_two_reshape: remove node = ['log_a_rs_mm_tp_rs']
D     swap_reshape_exp: remove node = ['cs_rs', 'exp', 'decay-rs'], add node = ['exp', 'cs_rs']
D     convert_exmatmul_to_conv: remove node = ['log_a_rs_mm'], add node = ['log_a_rs_mm#1']
D     fold_constant ...
D     fold_constant done.
D fuse_ops done.
D 
D sparse_weight ...
D sparse_weight done.
D 
I rknn building ...
I rknn building done.
BUILD_RET=0
EXPORT_RET=0
RKNN_FILE_SIZE=22121
