I RKNN: [09:36:09.871] compress = 0, conv_eltwise_activation_fuse = 1, global_fuse = 1, multi-core-model-mode = 7, output_optimize = 1, layout_match = 1, enable_argb_group = 0, op_group_sram_opt = 0, enable_flash_attention = 0, op_group_nbuf_opt = 0, safe_fuse = 0
I RKNN: librknnc version: 2.3.2 (@2025-04-03T08:30:46)
D RKNN: [09:36:09.871] RKNN is invoked
D RKNN: [09:36:09.873] >>>>>> start: rknn::RKNNExtractCustomOpAttrs
D RKNN: [09:36:09.873] <<<<<<<< end: rknn::RKNNExtractCustomOpAttrs
D RKNN: [09:36:09.873] >>>>>> start: rknn::RKNNSetOpTargetPass
D RKNN: [09:36:09.873] <<<<<<<< end: rknn::RKNNSetOpTargetPass
D RKNN: [09:36:09.873] >>>>>> start: rknn::RKNNBindNorm
D RKNN: [09:36:09.873] <<<<<<<< end: rknn::RKNNBindNorm
D RKNN: [09:36:09.873] >>>>>> start: rknn::RKNNEliminateQATDataConvert
D RKNN: [09:36:09.873] <<<<<<<< end: rknn::RKNNEliminateQATDataConvert
D RKNN: [09:36:09.873] >>>>>> start: rknn::RKNNConvStrideFixPass
D RKNN: [09:36:09.873] <<<<<<<< end: rknn::RKNNConvStrideFixPass
D RKNN: [09:36:09.873] >>>>>> start: rknn::RKNNTileGroupConv
D RKNN: [09:36:09.873] <<<<<<<< end: rknn::RKNNTileGroupConv
D RKNN: [09:36:09.873] >>>>>> start: rknn::RKNNAddConvBias
D RKNN: [09:36:09.873] <<<<<<<< end: rknn::RKNNAddConvBias
D RKNN: [09:36:09.873] >>>>>> start: rknn::RKNNTileChannel
D RKNN: [09:36:09.873] <<<<<<<< end: rknn::RKNNTileChannel
D RKNN: [09:36:09.873] >>>>>> start: rknn::RKNNDuplicateWeightPass
D RKNN: [09:36:09.873] <<<<<<<< end: rknn::RKNNDuplicateWeightPass
D RKNN: [09:36:09.873] >>>>>> start: rknn::RKNNInitRNNConst
D RKNN: [09:36:09.873] <<<<<<<< end: rknn::RKNNInitRNNConst
D RKNN: [09:36:09.873] >>>>>> start: rknn::RKNNPerChannelPrep
D RKNN: [09:36:09.873] <<<<<<<< end: rknn::RKNNPerChannelPrep
D RKNN: [09:36:09.873] >>>>>> start: rknn::RKNNBnQuant
D RKNN: [09:36:09.873] <<<<<<<< end: rknn::RKNNBnQuant
D RKNN: [09:36:09.873] >>>>>> start: rknn::RKNNFuseOptimizerPass
D RKNN: [09:36:09.873] <<<<<<<< end: rknn::RKNNFuseOptimizerPass
D RKNN: [09:36:09.873] >>>>>> start: rknn::RKNNTurnAutoPad
D RKNN: [09:36:09.873] <<<<<<<< end: rknn::RKNNTurnAutoPad
D RKNN: [09:36:09.873] >>>>>> start: rknn::RKNNInitCastConst
D RKNN: [09:36:09.873] <<<<<<<< end: rknn::RKNNInitCastConst
D RKNN: [09:36:09.873] >>>>>> start: rknn::RKNNMultiSurfacePass
D RKNN: [09:36:09.874] <<<<<<<< end: rknn::RKNNMultiSurfacePass
D RKNN: [09:36:09.874] >>>>>> start: rknn::RKNNReplaceConstantTensorPass
D RKNN: [09:36:09.874] <<<<<<<< end: rknn::RKNNReplaceConstantTensorPass
D RKNN: [09:36:09.874] >>>>>> start: rknn::RKNNSubgraphManager
D RKNN: [09:36:09.874] >>>>>> start: rknn::RKNNSubgraphManager
D RKNN: [09:36:09.874] <<<<<<<< end: rknn::RKNNSubgraphManager
D RKNN: [09:36:09.874] >>>>>> start: rknn::RKNNAddSecondaryNode
D RKNN: [09:36:09.874] <<<<<<<< end: rknn::RKNNAddSecondaryNode
D RKNN: [09:36:09.874] <<<<<<<< end: rknn::RKNNSubgraphManager
D RKNN: [09:36:09.874] >>>>>> start: OpEmit
D RKNN: [09:36:09.874] <<<<<<<< end: OpEmit
D RKNN: [09:36:09.874] >>>>>> start: rknn::RKNNAddFirstConv
D RKNN: [09:36:09.874] <<<<<<<< end: rknn::RKNNAddFirstConv
D RKNN: [09:36:09.874] >>>>>> start: rknn::RKNNTilingPass
D RKNN: [09:36:09.874] <<<<<<<< end: rknn::RKNNTilingPass
D RKNN: [09:36:09.874] >>>>>> start: rknn::RKNNLayoutMatchPass
W RKNN: [09:36:09.874] BroadcastLayoutConnFactory: op(Mul:outer_kv#2) has undefined broadcast type, please check this op.
W RKNN: [09:36:09.874] BroadcastLayoutConnFactory: op(Mul:k_kT_S#2) has undefined broadcast type, please check this op.
W RKNN: [09:36:09.874] BroadcastLayoutConnFactory: op(Mul:outer_kv#2) has undefined broadcast type, please check this op.
D RKNN: [09:36:09.874] <<<<<<<< end: rknn::RKNNLayoutMatchPass
D RKNN: [09:36:09.874] >>>>>> start: rknn::RKNNAddSecondaryNode
D RKNN: [09:36:09.874] <<<<<<<< end: rknn::RKNNAddSecondaryNode
D RKNN: [09:36:09.874] >>>>>> start: rknn::RKNNAllocateConvCachePass
D RKNN: [09:36:09.874] <<<<<<<< end: rknn::RKNNAllocateConvCachePass
D RKNN: [09:36:09.874] >>>>>> start: OpEmit
D RKNN: [09:36:09.874] finish initComputeZoneMapByStepsVector
D RKNN: [09:36:09.874] finish initComputeZoneMapByStepsVector
D RKNN: [09:36:09.875] finish initComputeZoneMapByStepsVector
D RKNN: [09:36:09.875] finish initComputeZoneMapByStepsVector
D RKNN: [09:36:09.875] finish initComputeZoneMapByStepsVector
D RKNN: [09:36:09.875] finish initComputeZoneMapByStepsVector
W RKNN: [09:36:09.875] tensor name: k_weight_1float16_16_1_1_1 is already in IndependentMap
D RKNN: [09:36:09.876] <<<<<<<< end: OpEmit
D RKNN: [09:36:09.876] >>>>>> start: rknn::RKNNSubGraphMemoryPlanPass
D RKNN: [09:36:09.876] >>>>>> start: rknn::RKNNSubGraphMemoryPlanPass
D RKNN: [09:36:09.876] <<<<<<<< end: rknn::RKNNSubGraphMemoryPlanPass
D RKNN: [09:36:09.876] >>>>>> start: rknn::RKNNOperatorIdGenPass
D RKNN: [09:36:09.876] <<<<<<<< end: rknn::RKNNOperatorIdGenPass
D RKNN: [09:36:09.876] <<<<<<<< end: rknn::RKNNSubGraphMemoryPlanPass
D RKNN: [09:36:09.876] >>>>>> start: rknn::RKNNProfileAnalysisPass
D RKNN: [09:36:09.876] <<<<<<<< end: rknn::RKNNProfileAnalysisPass
D RKNN: [09:36:09.876] >>>>>> start: rknn::RKNNOperatorIdGenPass
D RKNN: [09:36:09.876] <<<<<<<< end: rknn::RKNNOperatorIdGenPass
D RKNN: [09:36:09.876] >>>>>> start: rknn::RKNNWeightTransposePass
D RKNN: [09:36:09.876] <<<<<<<< end: rknn::RKNNWeightTransposePass
D RKNN: [09:36:09.876] >>>>>> start: rknn::RKNNCPUWeightTransposePass
D RKNN: [09:36:09.876] <<<<<<<< end: rknn::RKNNCPUWeightTransposePass
D RKNN: [09:36:09.876] >>>>>> start: rknn::RKNNModelBuildPass
D RKNN: [09:36:09.880] <<<<<<<< end: rknn::RKNNModelBuildPass
D RKNN: [09:36:09.880] >>>>>> start: rknn::RKNNModelRegCmdbuildPass
D RKNN: [09:36:09.881] --------------------------------------------------------------------------------------------------------------------------------------------------------------------------
D RKNN: [09:36:09.881]                                                         Network Layer Information Table                                                      
D RKNN: [09:36:09.881] --------------------------------------------------------------------------------------------------------------------------------------------------------------------------
D RKNN: [09:36:09.881] ID   OpType             DataType Target InputShape                               OutputShape            Cycles(DDR/NPU/Total)    RW(KB)       FullName        
D RKNN: [09:36:09.881] --------------------------------------------------------------------------------------------------------------------------------------------------------------------------
D RKNN: [09:36:09.881] 0    InputOperator      FLOAT16  CPU    \                                        (1,16,128,128)         0/0/0                    0            InputOperator:s_in
D RKNN: [09:36:09.881] 1    InputOperator      FLOAT16  CPU    \                                        (1,16,128,1)           0/0/0                    0            InputOperator:k 
D RKNN: [09:36:09.881] 2    InputOperator      FLOAT16  CPU    \                                        (1,16,1,128)           0/0/0                    0            InputOperator:v 
D RKNN: [09:36:09.881] 3    Transpose          FLOAT16  NPU    (1,16,128,1)                             (16,128,1,1)           0/0/0                    4            Transpose:kt_tp_rs
D RKNN: [09:36:09.881] 4    Mul                FLOAT16  NPU    (1,16,128,1),(1,16,1,128),...            (1,16,128,128)         0/0/0                    1032         Mul:outer_kv#2  
D RKNN: [09:36:09.881] 5    Transpose          FLOAT16  NPU    (1,16,128,128)                           (16,128,1,128)         0/0/0                    512          Transpose:s_in_rs
D RKNN: [09:36:09.881] 6    exMatMul           FLOAT16  NPU    (16,128,1,128),(16,128,1,1)              (16,128,1,1)           22512/8192/22512         516          exMatMul:kT_S#1 
D RKNN: [09:36:09.881] 7    Transpose          FLOAT16  NPU    (16,128,1,1)                             (1,16,1,128)           0/0/0                    4            Transpose:kt_s_mm_tp
D RKNN: [09:36:09.881] 8    Mul                FLOAT16  NPU    (1,16,128,1),(1,16,1,128),...            (1,16,128,128)         0/0/0                    1032         Mul:k_kT_S#2    
D RKNN: [09:36:09.881] 9    Sub                FLOAT16  NPU    (1,16,128,128),(1,16,128,128)            (1,16,128,128)         0/0/0                    1024         Sub:erase       
D RKNN: [09:36:09.881] 10   Add                FLOAT16  NPU    (1,16,128,128),(1,16,128,128)            (1,16,128,128)         0/0/0                    1024         Add:write       
D RKNN: [09:36:09.881] 11   OutputOperator     FLOAT16  CPU    (1,16,128,128)                           \                      0/0/0                    512          OutputOperator:s_out
D RKNN: [09:36:09.881] --------------------------------------------------------------------------------------------------------------------------------------------------------------------------
D RKNN: [09:36:09.881] <<<<<<<< end: rknn::RKNNModelRegCmdbuildPass
D RKNN: [09:36:09.882] >>>>>> start: rknn::RKNNModelExportPass
D RKNN: [09:36:09.882] Export RKNN model to /tmp/tmpdpgvj65m/check.rknn
D RKNN: [09:36:09.882] <<<<<<<< end: rknn::RKNNModelExportPass
D RKNN: [09:36:09.882] >>>>>> start: rknn::RKNNMemStatisticsPass
D RKNN: [09:36:09.882] -------------------------------------------------------------------------------------------------------------------------------
D RKNN: [09:36:09.882]                                           Feature Tensor Information Table                               
D RKNN: [09:36:09.882] ---------------------------------------------------------------------------------------------+---------------------------------
D RKNN: [09:36:09.882] ID  User           Tensor              DataType  DataFormat   OrigShape      NativeShape     |     [Start       End)       Size
D RKNN: [09:36:09.882] ---------------------------------------------------------------------------------------------+---------------------------------
D RKNN: [09:36:09.882] 3   Transpose      k                   FLOAT16   NC1HWC2      (1,16,128,1)   (1,8,128,1,8)   | 0x00080000 0x00081000 0x00001000
D RKNN: [09:36:09.882] 3   Transpose      k_exSecondary       FLOAT16   NC1HWC2      (1,16,128,1)   (1,128,128,1,8) | 0x00082000 0x00092000 0x00010000
D RKNN: [09:36:09.882] 4   Mul            k                   FLOAT16   NC1HWC2      (1,16,128,1)   (1,8,128,1,8)   | 0x00080000 0x00081000 0x00001000
D RKNN: [09:36:09.882] 4   Mul            v                   FLOAT16   NC1HWC2      (1,16,1,128)   (1,8,1,128,8)   | 0x00081000 0x00082000 0x00001000
D RKNN: [09:36:09.882] 4   Mul            k_exSecondary0      FLOAT16   NC1HWC2      (1,16,128,128) (1,16,128,128,8) | 0x00093000 0x00193000 0x00100000
D RKNN: [09:36:09.882] 4   Mul            k_exSecondary1      FLOAT16   NC1HWC2      (1,16,128,128) (1,16,128,128,8) | 0x00193000 0x00293000 0x00100000
D RKNN: [09:36:09.882] 5   Transpose      s_in                FLOAT16   NC1HWC2      (1,16,128,128) (1,8,128,128,8) | 0x00000000 0x00080000 0x00080000
D RKNN: [09:36:09.882] 5   Transpose      s_in_exSecondary    FLOAT16   NC1HWC2      (1,16,128,128) (1,16,128,128,8) | 0x00093000 0x00193000 0x00100000
D RKNN: [09:36:09.882] 6   exMatMul       s_in_rs             FLOAT16   NC1HWC2      (16,128,1,128) (16,64,1,128,8) | 0x00193000 0x00213000 0x00080000
D RKNN: [09:36:09.882] 6   exMatMul       kt_tp_rs            FLOAT16   NC1HWC2      (16,128,1,1)   (16,64,1,1,8)   | 0x00092000 0x00093000 0x00001000
D RKNN: [09:36:09.882] 6   exMatMul       s_in_rs_exSecondary FLOAT16   NC1HWC2      (16,128,1,128) (16,128,1,128,8) | 0x00313000*0x00413080 0x00100080
D RKNN: [09:36:09.882] 7   Transpose      kt_s_mm             FLOAT16   NC1HWC2      (16,128,1,1)   (16,64,1,1,8)   | 0x00081000 0x00082000 0x00001000
D RKNN: [09:36:09.882] 7   Transpose      kt_s_mm_exSecondary FLOAT16   NC1HWC2      (16,128,1,1)   (16,128,1,1,8)  | 0x00082000 0x00084000 0x00002000
D RKNN: [09:36:09.882] 8   Mul            k                   FLOAT16   NC1HWC2      (1,16,128,1)   (1,8,128,1,8)   | 0x00080000 0x00081000 0x00001000
D RKNN: [09:36:09.882] 8   Mul            kt_s_mm_tp          FLOAT16   NC1HWC2      (1,16,1,128)   (1,8,1,128,8)   | 0x00084000 0x00085000 0x00001000
D RKNN: [09:36:09.882] 8   Mul            k_1_exSecondary0    FLOAT16   NC1HWC2      (1,16,128,128) (1,16,128,128,8) | 0x00085000 0x00185000 0x00100000
D RKNN: [09:36:09.882] 8   Mul            k_1_exSecondary1    FLOAT16   NC1HWC2      (1,16,128,128) (1,16,128,128,8) | 0x00185000 0x00285000 0x00100000
D RKNN: [09:36:09.882] 9   Sub            s_in                FLOAT16   NC1HWC2      (1,16,128,128) (1,8,128,128,8) | 0x00000000 0x00080000 0x00080000
D RKNN: [09:36:09.882] 9   Sub            kkt_s_mm            FLOAT16   NC1HWC2      (1,16,128,128) (1,8,128,128,8) | 0x00313000 0x00393000 0x00080000
D RKNN: [09:36:09.882] 10  Add            erased              FLOAT16   NC1HWC2      (1,16,128,128) (1,8,128,128,8) | 0x00080000 0x00100000 0x00080000
D RKNN: [09:36:09.882] 10  Add            kv_mm               FLOAT16   NC1HWC2      (1,16,128,128) (1,8,128,128,8) | 0x00293000 0x00313000 0x00080000
D RKNN: [09:36:09.882] 11  OutputOperator s_out               FLOAT16   NC1HWC2      (1,16,128,128) (1,8,128,128,8) | 0x00000000 0x00080000 0x00080000
D RKNN: [09:36:09.882] ---------------------------------------------------------------------------------------------+---------------------------------
D RKNN: [09:36:09.882] ----------------------------------------
D RKNN: [09:36:09.882] Total Internal Memory Size: 4172.12KB
D RKNN: [09:36:09.882] Total Weight Memory Size: 0KB
D RKNN: [09:36:09.882] ----------------------------------------
D RKNN: [09:36:09.882] <<<<<<<< end: rknn::RKNNMemStatisticsPass

I rknn-toolkit2 version: 2.3.2
CONFIG_RET=0
[1;33mW[0m [1;33mload_onnx: onnx.checker.check_model fail: Your model ir_version 13 is higher than the checker's (10).[0m
[1;33mW[0m [1;33mload_onnx: The config.mean_values is None, zeros will be set for input 0![0m
[1;33mW[0m [1;33mload_onnx: The config.std_values is None, ones will be set for input 0![0m
[1;33mW[0m [1;33mload_onnx: The config.mean_values is None, zeros will be set for input 1![0m
[1;33mW[0m [1;33mload_onnx: The config.std_values is None, ones will be set for input 1![0m
[1;33mW[0m [1;33mload_onnx: The config.mean_values is None, zeros will be set for input 2![0m
[1;33mW[0m [1;33mload_onnx: The config.std_values is None, ones will be set for input 2![0m
LOAD_RET=0
D base_optimize ...
D base_optimize done.
D 
D fold_constant ...
[0;93m2026-08-06 09:36:09.749834500 [W:onnxruntime:Default, device_discovery.cc:164 DiscoverDevicesForPlatform] GPU device discovery failed: device_discovery.cc:89 ReadFileContents Failed to open file: "/sys/class/drm/card1/device/vendor"[m
D fold_constant done.
D 
D correct_ops ...
D correct_ops done.
D 
D fuse_ops ...
D fuse_ops results:
D     convert_matmul_to_exmatmul: remove node = ['kT_S'], add node = ['kt_tp', 'kt_tp_rs', 's_in_rs', 'kT_S#1', 'kt_s_mm_rs']
D     convert_matmul_to_exmatmul: remove node = ['k_kT_S'], add node = ['k_tp', 'k_tp_rs', 'kt_s_rs', 'k_kT_S#1', 'kkt_s_mm_rs']
D     convert_matmul_to_exmatmul: remove node = ['outer_kv'], add node = ['k_tp#1', 'k_tp#1_rs', 'v_rs', 'outer_kv#1', 'kv_mm_rs']
D     convert_reshape_to_transpose: remove node = ['v_rs'], add node = ['v_rs']
D     convert_exmatmul_to_mul: remove node = ['outer_kv#1'], add node = ['k_tp#1_rs_rs', 'outer_kv#2']
D     convert_reshape_to_transpose: remove node = ['kv_mm_rs'], add node = ['kv_mm_rs']
D     convert_reshape_to_transpose: remove node = ['k_tp_rs'], add node = ['k_tp_rs']
D     convert_reshape_to_transpose: remove node = ['kt_tp_rs'], add node = ['kt_tp_rs']
D     convert_reshape_to_transpose: remove node = ['s_in_rs'], add node = ['s_in_rs']
D     convert_reshape_to_transpose: remove node = ['kt_s_mm_rs'], add node = ['kt_s_mm_rs']
D     convert_reshape_to_transpose: remove node = ['kt_s_rs'], add node = ['kt_s_rs']
D     convert_exmatmul_to_mul: remove node = ['k_kT_S#1'], add node = ['k_tp_rs_rs', 'k_kT_S#2']
D     convert_reshape_to_transpose: remove node = ['kkt_s_mm_rs'], add node = ['kkt_s_mm_rs']
D     convert_reshape_to_transpose: remove node = ['k_tp#1_rs'], add node = ['k_tp#1_rs']
D     convert_reshape_to_transpose: remove node = ['k_tp#1_rs_rs'], add node = ['k_tp#1_rs_rs']
D     convert_reshape_to_transpose: remove node = ['k_tp_rs_rs'], add node = ['k_tp_rs_rs']
D     fuse_two_transpose: remove node = ['k_tp#1']
D     reduce_tp_in_mesh_forward: remove node = ['v_rs', 'kv_mm_rs']
D     fuse_two_transpose: remove node = ['kt_s_mm_rs']
D     bypass_two_transpose: remove node = ['k_tp#1_rs_rs', 'k_tp#1_rs']
D     fuse_two_transpose: remove node = ['k_tp']
D     reduce_tp_in_mesh_forward: remove node = ['k_tp_rs_rs', 'kt_s_rs']
D     reduce_tp_in_mesh_forward: remove node = ['k_tp_rs', 'kkt_s_mm_rs'], add node = ['kt_s_mm_tp']
D     bypass_two_transpose: remove node = ['kt_tp', 'k_T']
D     fold_constant ...
D     fold_constant done.
D fuse_ops done.
D 
D sparse_weight ...
D sparse_weight done.
D 
I rknn building ...
I rknn building done.
BUILD_RET=0
EXPORT_RET=0
RKNN_FILE_SIZE=43000
