I RKNN: [09:36:12.652] compress = 0, conv_eltwise_activation_fuse = 1, global_fuse = 1, multi-core-model-mode = 7, output_optimize = 1, layout_match = 1, enable_argb_group = 0, op_group_sram_opt = 0, enable_flash_attention = 0, op_group_nbuf_opt = 0, safe_fuse = 0
I RKNN: librknnc version: 2.3.2 (@2025-04-03T08:30:46)
D RKNN: [09:36:12.652] RKNN is invoked
D RKNN: [09:36:12.654] >>>>>> start: rknn::RKNNExtractCustomOpAttrs
D RKNN: [09:36:12.654] <<<<<<<< end: rknn::RKNNExtractCustomOpAttrs
D RKNN: [09:36:12.654] >>>>>> start: rknn::RKNNSetOpTargetPass
D RKNN: [09:36:12.654] <<<<<<<< end: rknn::RKNNSetOpTargetPass
D RKNN: [09:36:12.654] >>>>>> start: rknn::RKNNBindNorm
D RKNN: [09:36:12.654] <<<<<<<< end: rknn::RKNNBindNorm
D RKNN: [09:36:12.654] >>>>>> start: rknn::RKNNEliminateQATDataConvert
D RKNN: [09:36:12.654] <<<<<<<< end: rknn::RKNNEliminateQATDataConvert
D RKNN: [09:36:12.654] >>>>>> start: rknn::RKNNConvStrideFixPass
D RKNN: [09:36:12.654] <<<<<<<< end: rknn::RKNNConvStrideFixPass
D RKNN: [09:36:12.654] >>>>>> start: rknn::RKNNTileGroupConv
D RKNN: [09:36:12.654] <<<<<<<< end: rknn::RKNNTileGroupConv
D RKNN: [09:36:12.654] >>>>>> start: rknn::RKNNAddConvBias
D RKNN: [09:36:12.654] <<<<<<<< end: rknn::RKNNAddConvBias
D RKNN: [09:36:12.654] >>>>>> start: rknn::RKNNTileChannel
D RKNN: [09:36:12.654] <<<<<<<< end: rknn::RKNNTileChannel
D RKNN: [09:36:12.654] >>>>>> start: rknn::RKNNDuplicateWeightPass
D RKNN: [09:36:12.654] <<<<<<<< end: rknn::RKNNDuplicateWeightPass
D RKNN: [09:36:12.654] >>>>>> start: rknn::RKNNInitRNNConst
D RKNN: [09:36:12.654] <<<<<<<< end: rknn::RKNNInitRNNConst
D RKNN: [09:36:12.654] >>>>>> start: rknn::RKNNPerChannelPrep
D RKNN: [09:36:12.654] <<<<<<<< end: rknn::RKNNPerChannelPrep
D RKNN: [09:36:12.654] >>>>>> start: rknn::RKNNBnQuant
D RKNN: [09:36:12.654] <<<<<<<< end: rknn::RKNNBnQuant
D RKNN: [09:36:12.654] >>>>>> start: rknn::RKNNFuseOptimizerPass
D RKNN: [09:36:12.654] <<<<<<<< end: rknn::RKNNFuseOptimizerPass
D RKNN: [09:36:12.654] >>>>>> start: rknn::RKNNTurnAutoPad
D RKNN: [09:36:12.654] <<<<<<<< end: rknn::RKNNTurnAutoPad
D RKNN: [09:36:12.654] >>>>>> start: rknn::RKNNInitCastConst
D RKNN: [09:36:12.654] <<<<<<<< end: rknn::RKNNInitCastConst
D RKNN: [09:36:12.654] >>>>>> start: rknn::RKNNMultiSurfacePass
D RKNN: [09:36:12.654] <<<<<<<< end: rknn::RKNNMultiSurfacePass
D RKNN: [09:36:12.654] >>>>>> start: rknn::RKNNReplaceConstantTensorPass
D RKNN: [09:36:12.654] <<<<<<<< end: rknn::RKNNReplaceConstantTensorPass
D RKNN: [09:36:12.654] >>>>>> start: rknn::RKNNSubgraphManager
D RKNN: [09:36:12.654] <<<<<<<< end: rknn::RKNNSubgraphManager
D RKNN: [09:36:12.654] >>>>>> start: OpEmit
D RKNN: [09:36:12.654] <<<<<<<< end: OpEmit
D RKNN: [09:36:12.654] >>>>>> start: rknn::RKNNAddFirstConv
D RKNN: [09:36:12.654] <<<<<<<< end: rknn::RKNNAddFirstConv
D RKNN: [09:36:12.654] >>>>>> start: rknn::RKNNTilingPass
D RKNN: [09:36:12.654] <<<<<<<< end: rknn::RKNNTilingPass
D RKNN: [09:36:12.654] >>>>>> start: rknn::RKNNLayoutMatchPass
D RKNN: [09:36:12.654] <<<<<<<< end: rknn::RKNNLayoutMatchPass
D RKNN: [09:36:12.654] >>>>>> start: rknn::RKNNAddSecondaryNode
D RKNN: [09:36:12.654] <<<<<<<< end: rknn::RKNNAddSecondaryNode
D RKNN: [09:36:12.654] >>>>>> start: rknn::RKNNAllocateConvCachePass
D RKNN: [09:36:12.654] <<<<<<<< end: rknn::RKNNAllocateConvCachePass
D RKNN: [09:36:12.654] >>>>>> start: OpEmit
D RKNN: [09:36:12.655] <<<<<<<< end: OpEmit
D RKNN: [09:36:12.655] >>>>>> start: rknn::RKNNSubGraphMemoryPlanPass
D RKNN: [09:36:12.655] <<<<<<<< end: rknn::RKNNSubGraphMemoryPlanPass
D RKNN: [09:36:12.655] >>>>>> start: rknn::RKNNProfileAnalysisPass
D RKNN: [09:36:12.655] <<<<<<<< end: rknn::RKNNProfileAnalysisPass
D RKNN: [09:36:12.655] >>>>>> start: rknn::RKNNOperatorIdGenPass
D RKNN: [09:36:12.655] <<<<<<<< end: rknn::RKNNOperatorIdGenPass
D RKNN: [09:36:12.655] >>>>>> start: rknn::RKNNWeightTransposePass
D RKNN: [09:36:12.655] <<<<<<<< end: rknn::RKNNWeightTransposePass
D RKNN: [09:36:12.655] >>>>>> start: rknn::RKNNCPUWeightTransposePass
D RKNN: [09:36:12.655] <<<<<<<< end: rknn::RKNNCPUWeightTransposePass
D RKNN: [09:36:12.655] >>>>>> start: rknn::RKNNModelBuildPass
D RKNN: [09:36:12.655] <<<<<<<< end: rknn::RKNNModelBuildPass
D RKNN: [09:36:12.655] >>>>>> start: rknn::RKNNModelRegCmdbuildPass
D RKNN: [09:36:12.656] --------------------------------------------------------------------------------------------------------------------------------------------------------------------------
D RKNN: [09:36:12.656]                                                         Network Layer Information Table                                                      
D RKNN: [09:36:12.656] --------------------------------------------------------------------------------------------------------------------------------------------------------------------------
D RKNN: [09:36:12.656] ID   OpType             DataType Target InputShape                               OutputShape            Cycles(DDR/NPU/Total)    RW(KB)       FullName        
D RKNN: [09:36:12.656] --------------------------------------------------------------------------------------------------------------------------------------------------------------------------
D RKNN: [09:36:12.656] 0    InputOperator      FLOAT16  CPU    \                                        (1,16,32,128)          0/0/0                    0            InputOperator:x 
D RKNN: [09:36:12.656] 1    Sigmoid            FLOAT16  NPU    (1,16,32,128)                            (1,16,32,128)          0/0/0                    128          Sigmoid:sigmoid_gate
D RKNN: [09:36:12.656] 2    Softplus           FLOAT16  NPU    (1,16,32,128)                            (1,16,32,128)          0/0/0                    128          Softplus:softplus_gate
D RKNN: [09:36:12.656] 3    Mul                FLOAT16  NPU    (1,16,32,128),(1,1,1,1)                  (1,16,32,128)          0/0/0                    128          Mul:neg#1       
D RKNN: [09:36:12.656] 4    Exp                FLOAT16  CPU    (1,16,32,128)                            (1,16,32,128)          0/0/0                    128          Exp:exp_neg_softplus
D RKNN: [09:36:12.656] 5    Mul                FLOAT16  NPU    (1,16,32,128),(1,16,32,128)              (1,16,32,128)          0/0/0                    256          Mul:combine     
D RKNN: [09:36:12.656] 6    OutputOperator     FLOAT16  CPU    (1,16,32,128)                            \                      0/0/0                    128          OutputOperator:gated
D RKNN: [09:36:12.656] --------------------------------------------------------------------------------------------------------------------------------------------------------------------------
D RKNN: [09:36:12.656] <<<<<<<< end: rknn::RKNNModelRegCmdbuildPass
D RKNN: [09:36:12.656] >>>>>> start: rknn::RKNNModelExportPass
D RKNN: [09:36:12.656] Export RKNN model to /tmp/tmpu9k5h_j3/check.rknn
D RKNN: [09:36:12.656] <<<<<<<< end: rknn::RKNNModelExportPass
D RKNN: [09:36:12.656] >>>>>> start: rknn::RKNNMemStatisticsPass
D RKNN: [09:36:12.656] ------------------------------------------------------------------------------------------------------------------
D RKNN: [09:36:12.656]                                       Feature Tensor Information Table                         
D RKNN: [09:36:12.656] --------------------------------------------------------------------------------+---------------------------------
D RKNN: [09:36:12.656] ID  User           Tensor   DataType  DataFormat   OrigShape     NativeShape    |     [Start       End)       Size
D RKNN: [09:36:12.656] --------------------------------------------------------------------------------+---------------------------------
D RKNN: [09:36:12.656] 1   Sigmoid        x        FLOAT16   NC1HWC2      (1,16,32,128) (1,8,32,128,8) | 0x00000000 0x00020000 0x00020000
D RKNN: [09:36:12.656] 2   Softplus       x        FLOAT16   NC1HWC2      (1,16,32,128) (1,8,32,128,8) | 0x00000000 0x00020000 0x00020000
D RKNN: [09:36:12.656] 3   Mul            sp       FLOAT16   NC1HWC2      (1,16,32,128) (1,16,32,128,8) | 0x00060000*0x000a0000 0x00040000
D RKNN: [09:36:12.656] 4   Exp            neg_sp   FLOAT16   NC1HWC2      (1,16,32,128) (1,8,32,128,8) | 0x00000000 0x00020000 0x00020000
D RKNN: [09:36:12.656] 5   Mul            sig      FLOAT16   NC1HWC2      (1,16,32,128) (1,16,32,128,8) | 0x00020000 0x00060000 0x00040000
D RKNN: [09:36:12.656] 5   Mul            decay    FLOAT16   NC1HWC2      (1,16,32,128) (1,8,32,128,8) | 0x00060000 0x00080000 0x00020000
D RKNN: [09:36:12.656] 6   OutputOperator gated    FLOAT16   NC1HWC2      (1,16,32,128) (1,8,32,128,8) | 0x00000000 0x00020000 0x00020000
D RKNN: [09:36:12.656] --------------------------------------------------------------------------------+---------------------------------
D RKNN: [09:36:12.656] ---------------------------------------------------------------------------
D RKNN: [09:36:12.656]                          Const Tensor Information Table       
D RKNN: [09:36:12.656] -----------------------------------------+---------------------------------
D RKNN: [09:36:12.656] ID  User Tensor   DataType  OrigShape    |     [Start       End)       Size
D RKNN: [09:36:12.656] -----------------------------------------+---------------------------------
D RKNN: [09:36:12.656] 3   Mul  neg#1_i1 FLOAT     (1,1,1,1)    | 0x00000000*0x00000040 0x00000040
D RKNN: [09:36:12.656] -----------------------------------------+---------------------------------
D RKNN: [09:36:12.657] ----------------------------------------
D RKNN: [09:36:12.657] Total Internal Memory Size: 640KB
D RKNN: [09:36:12.657] Total Weight Memory Size: 0.0625KB
D RKNN: [09:36:12.657] ----------------------------------------
D RKNN: [09:36:12.657] <<<<<<<< end: rknn::RKNNMemStatisticsPass

I rknn-toolkit2 version: 2.3.2
CONFIG_RET=0
[1;33mW[0m [1;33mload_onnx: onnx.checker.check_model fail: Your model ir_version 13 is higher than the checker's (10).[0m
[1;33mW[0m [1;33mload_onnx: The config.mean_values is None, zeros will be set for input 0![0m
[1;33mW[0m [1;33mload_onnx: The config.std_values is None, ones will be set for input 0![0m
LOAD_RET=0
D base_optimize ...
D base_optimize done.
D 
D fold_constant ...
[0;93m2026-08-06 09:36:12.587536761 [W:onnxruntime:Default, device_discovery.cc:164 DiscoverDevicesForPlatform] GPU device discovery failed: device_discovery.cc:89 ReadFileContents Failed to open file: "/sys/class/drm/card1/device/vendor"[m
D fold_constant done.
D 
D correct_ops ...
D correct_ops done.
D 
D fuse_ops ...
D fuse_ops results:
D     convert_neg_to_mul: remove node = ['neg'], add node = ['neg#1']
D     input_align_4D_mul: remove node = ['neg#1'], add node = ['neg#1']
D     fold_constant ...
D     fold_constant done.
D fuse_ops done.
D 
D sparse_weight ...
D sparse_weight done.
D 
I rknn building ...
I rknn building done.
BUILD_RET=0
EXPORT_RET=0
RKNN_FILE_SIZE=47025
